wsl: Failed to start the systemd user session for 'parmeet'. See journalctl for more details.
Welcome to Ubuntu 22.04.5 LTS (GNU/Linux 6.6.87.2-microsoft-standard-WSL2 x86_64)

 * Documentation:  https://help.ubuntu.com
 * Management:     https://landscape.canonical.com
 * Support:        https://ubuntu.com/pro

 System information as of Sun Jan 18 13:45:00 IST 2026

  System load:  4.85                Processes:             52
  Usage of /:   0.3% of 1006.85GB   Users logged in:       0
  Memory usage: 14%                 IPv4 address for eth0: 172.19.39.50
  Swap usage:   0%


This message is shown once a day. To disable it please create the
/home/parmeet/.hushlogin file.
parmeet@Parmeet:~$ mkdir HASHLOGIN_FILES
parmeet@Parmeet:~$ cd HASHLOGIN_FILES
parmeet@Parmeet:~/HASHLOGIN_FILES$ cd
parmeet@Parmeet:~$ cd ~
parmeet@Parmeet:~$ cd ..
parmeet@Parmeet:/home$ cd HASHLOGIN_FILES
-bash: cd: HASHLOGIN_FILES: No such file or directory
parmeet@Parmeet:/home$ cd HASHLOGIN_FILES
-bash: cd: HASHLOGIN_FILES: No such file or directory
parmeet@Parmeet:/home$ cd
parmeet@Parmeet:~$ cd HASHLOGIN_FILES
parmeet@Parmeet:~/HASHLOGIN_FILES$ ls -l
total 0
parmeet@Parmeet:~/HASHLOGIN_FILES$ ls -a
.  ..
parmeet@Parmeet:~/HASHLOGIN_FILES$ l
parmeet@Parmeet:~/HASHLOGIN_FILES$ ls
parmeet@Parmeet:~/HASHLOGIN_FILES$ ls -a
.  ..
parmeet@Parmeet:~/HASHLOGIN_FILES$ sudo apt update
[sudo] password for parmeet: 
Sorry, try again.
[sudo] password for parmeet: 
Get:1 http://security.ubuntu.com/ubuntu jammy-security InRelease [129 kB]               
Hit:2 http://archive.ubuntu.com/ubuntu jammy InRelease                      
Get:3 http://archive.ubuntu.com/ubuntu jammy-updates InRelease [128 kB]
Get:4 http://security.ubuntu.com/ubuntu jammy-security/main amd64 Packages [2903 kB]
Get:5 http://archive.ubuntu.com/ubuntu jammy-backports InRelease [127 kB]
Get:6 http://archive.ubuntu.com/ubuntu jammy-updates/main amd64 Packages [3164 kB]                                                                       
Get:7 http://security.ubuntu.com/ubuntu jammy-security/main amd64 c-n-f Metadata [14.1 kB]                                                               
Get:8 http://security.ubuntu.com/ubuntu jammy-security/universe amd64 Packages [1009 kB]                                                                 
Get:9 http://security.ubuntu.com/ubuntu jammy-security/universe amd64 c-n-f Metadata [22.5 kB]                                                           
Get:10 http://archive.ubuntu.com/ubuntu jammy-updates/main amd64 c-n-f Metadata [19.1 kB]                                                                
Get:11 http://archive.ubuntu.com/ubuntu jammy-updates/universe amd64 Packages [1246 kB]                                                                  
Get:12 http://archive.ubuntu.com/ubuntu jammy-updates/universe amd64 c-n-f Metadata [30.1 kB]                                                            
Fetched 8791 kB in 14s (630 kB/s)                                                                                                                        
Reading package lists... Done
Building dependency tree... Done
Reading state information... Done
4 packages can be upgraded. Run 'apt list --upgradable' to see them.
parmeet@Parmeet:~/HASHLOGIN_FILES$ sudo apt install finger
Reading package lists... Done
Building dependency tree... Done
Reading state information... Done
finger is already the newest version (0.17-17).
0 upgraded, 0 newly installed, 0 to remove and 4 not upgraded.
parmeet@Parmeet:~/HASHLOGIN_FILES$ sudo adduser mich
Adding user `mich' ...
Adding new group `mich' (1010) ...
Adding new user `mich' (1010) with group `mich' ...
Creating home directory `/home/mich' ...
Copying files from `/etc/skel' ...
New password: 
Retype new password: 
passwd: password updated successfully
Changing the user information for mich
Enter the new value, or press ENTER for the default
        Full Name []: 
        Room Number []: 
        Work Phone []: 
        Home Phone []: 
        Other []: 
Is the information correct? [Y/n] Y
parmeet@Parmeet:~/HASHLOGIN_FILES$ sudo useradd micky
parmeet@Parmeet:~/HASHLOGIN_FILES$ su mich 
Password: 
mich@Parmeet:/home/parmeet/HASHLOGIN_FILES$ pwd
/home/parmeet/HASHLOGIN_FILES
mich@Parmeet:/home/parmeet/HASHLOGIN_FILES$ su
Password: 
su: Authentication failure
mich@Parmeet:/home/parmeet/HASHLOGIN_FILES$ whoami
mich
mich@Parmeet:/home/parmeet/HASHLOGIN_FILES$ su parmeet
Password: 
su: Authentication failure
mich@Parmeet:/home/parmeet/HASHLOGIN_FILES$ su parmeet
Password: 
parmeet@Parmeet:~/HASHLOGIN_FILES$ whoami
parmeet
parmeet@Parmeet:~/HASHLOGIN_FILES$ python3 --version
Python 3.10.12
parmeet@Parmeet:~/HASHLOGIN_FILES$ uv --version
uv 0.9.24
parmeet@Parmeet:~/HASHLOGIN_FILES$ pip uv install numpy
ERROR: unknown command "uv"
parmeet@Parmeet:~/HASHLOGIN_FILES$ uv pip install numpy
error: No virtual environment found; run `uv venv` to create an environment, or pass `--system` to install into a non-virtual environment
parmeet@Parmeet:~/HASHLOGIN_FILES$ python3 -m venv venv
parmeet@Parmeet:~/HASHLOGIN_FILES$ source venv/bin/activate
(venv) parmeet@Parmeet:~/HASHLOGIN_FILES$ uv pip install numpy
Using Python 3.10.12 environment at: venv
Resolved 1 package in 909ms
Installed 1 package in 706ms
 + numpy==2.2.6
(venv) parmeet@Parmeet:~/HASHLOGIN_FILES$ numpy --version
Command 'numpy' not found, did you mean:
  command 'lumpy' from deb lumpy-sv (0.3.1+dfsg-6)
Try: sudo apt install <deb name>
(venv) parmeet@Parmeet:~/HASHLOGIN_FILES$ git init4
git: 'init4' is not a git command. See 'git --help'.

The most similar command is
        init
(venv) parmeet@Parmeet:~/HASHLOGIN_FILES$ git init
hint: Using 'master' as the name for the initial branch. This default branch name
hint: is subject to change. To configure the initial branch name to use in all
hint: of your new repositories, which will suppress this warning, call:
hint: 
hint:   git config --global init.defaultBranch <name>
hint: 
hint: Names commonly chosen instead of 'master' are 'main', 'trunk' and
hint: 'development'. The just-created branch can be renamed via this command:
hint: 
hint:   git branch -m <name>
Initialized empty Git repository in /home/parmeet/HASHLOGIN_FILES/.git/
(venv) parmeet@Parmeet:~/HASHLOGIN_FILES$ touch file{1..4}.py
(venv) parmeet@Parmeet:~/HASHLOGIN_FILES$ touch file{1..4}.txt
(venv) parmeet@Parmeet:~/HASHLOGIN_FILES$ git status
On branch master

No commits yet

Untracked files:
  (use "git add <file>..." to include in what will be committed)
        file1.py
        file1.txt
        file2.py
        file2.txt
        file3.py
        file3.txt
        file4.py
        file4.txt
        venv/

nothing added to commit but untracked files present (use "git add" to track)
(venv) parmeet@Parmeet:~/HASHLOGIN_FILES$ git touch .gitignore
git: 'touch' is not a git command. See 'git --help'.
(venv) parmeet@Parmeet:~/HASHLOGIN_FILES$ git touch git status
git: 'touch' is not a git command. See 'git --help'.
(venv) parmeet@Parmeet:~/HASHLOGIN_FILES$ git status
On branch master

No commits yet

Untracked files:
  (use "git add <file>..." to include in what will be committed)
        .gitignore
        file1.py
        file1.txt
        file2.py
        file2.txt
        file3.py
        file3.txt
        file4.py
        file4.txt
        venv/

nothing added to commit but untracked files present (use "git add" to track)
(venv) parmeet@Parmeet:~/HASHLOGIN_FILES$ nano file1.py
(venv) parmeet@Parmeet:~/HASHLOGIN_FILES$ python3 file1.py
Hello
(venv) parmeet@Parmeet:~/HASHLOGIN_FILES$ cat file1.py
print("Hello")
(venv) parmeet@Parmeet:~/HASHLOGIN_FILES$ git add file1.py
(venv) parmeet@Parmeet:~/HASHLOGIN_FILES$ git commit -m "this is file1.py"
[master (root-commit) 773cd07] this is file1.py
 1 file changed, 1 insertion(+)
 create mode 100644 file1.py
(venv) parmeet@Parmeet:~/HASHLOGIN_FILES$ git log
commit 773cd0794681a0252749ec93ad47ab63f029a155 (HEAD -> master)
Author: Parmeet Singh <parmsingh9899@gmail.com>
Date:   Tue Jan 20 18:01:15 2026 +0530

    this is file1.py
(venv) parmeet@Parmeet:~/HASHLOGIN_FILES$ git status
On branch master
Untracked files:
  (use "git add <file>..." to include in what will be committed)
        .gitignore
        file1.txt
        file2.py
        file2.txt
        file3.py
        file3.txt
        file4.py
        file4.txt
        venv/

nothing added to commit but untracked files present (use "git add" to track)
(venv) parmeet@Parmeet:~/HASHLOGIN_FILES$ git add file1.txt
(venv) parmeet@Parmeet:~/HASHLOGIN_FILES$ git commit -m "file1.txt"
[master 14917f6] file1.txt
 1 file changed, 0 insertions(+), 0 deletions(-)
 create mode 100644 file1.txt
(venv) parmeet@Parmeet:~/HASHLOGIN_FILES$ git log
commit 14917f6cb65aefaa6b81a1dcbc2eded97179585a (HEAD -> master)
Author: Parmeet Singh <parmsingh9899@gmail.com>
Date:   Tue Jan 20 18:04:16 2026 +0530

    file1.txt

commit 773cd0794681a0252749ec93ad47ab63f029a155
Author: Parmeet Singh <parmsingh9899@gmail.com>
Date:   Tue Jan 20 18:01:15 2026 +0530

    this is file1.py
(venv) parmeet@Parmeet:~/HASHLOGIN_FILES$ git status
On branch master
Untracked files:
  (use "git add <file>..." to include in what will be committed)
        .gitignore
        file2.py
        file2.txt
        file3.py
        file3.txt
        file4.py
        file4.txt
        venv/

nothing added to commit but untracked files present (use "git add" to track)
(venv) parmeet@Parmeet:~/HASHLOGIN_FILES$ git status
On branch master
Changes not staged for commit:
  (use "git add <file>..." to update what will be committed)
  (use "git restore <file>..." to discard changes in working directory)
        modified:   file1.py

Untracked files:
  (use "git add <file>..." to include in what will be committed)
        .gitignore
        file2.py
        file2.txt
        file3.py
        file3.txt
        file4.py
        file4.txt
        venv/

no changes added to commit (use "git add" and/or "git commit -a")
(venv) parmeet@Parmeet:~/HASHLOGIN_FILES$ git add file1.py
(venv) parmeet@Parmeet:~/HASHLOGIN_FILES$ git commit -m "updated file1.py"
[master 04a95f3] updated file1.py
 1 file changed, 1 insertion(+), 1 deletion(-)
(venv) parmeet@Parmeet:~/HASHLOGIN_FILES$ git log
commit 04a95f339045416571e04f37d761d59989e64b47 (HEAD -> master)
Author: Parmeet Singh <parmsingh9899@gmail.com>
Date:   Tue Jan 20 18:03:42 2026 +0530

    updated file1.py

commit 14917f6cb65aefaa6b81a1dcbc2eded97179585a
Author: Parmeet Singh <parmsingh9899@gmail.com>
Date:   Tue Jan 20 18:04:16 2026 +0530

    file1.txt

commit 773cd0794681a0252749ec93ad47ab63f029a155
Author: Parmeet Singh <parmsingh9899@gmail.com>
(venv) parmeet@Parmeet:~/HASHLOGIN_FILES$ gitlog
gitlog: command not found
(venv) parmeet@Parmeet:~/HASHLOGIN_FILES$ git log
commit 04a95f339045416571e04f37d761d59989e64b47 (HEAD -> master)
Author: Parmeet Singh <parmsingh9899@gmail.com>
Date:   Tue Jan 20 18:03:42 2026 +0530
commit 04a95f339045416571e04f37d761d59989e64b47 (HEAD -> master)
Author: Parmeet Singh <parmsingh9899@gmail.com>
Date:   Tue Jan 20 18:03:42 2026 +0530

    updated file1.py

commit 14917f6cb65aefaa6b81a1dcbc2eded97179585a
Author: Parmeet Singh <parmsingh9899@gmail.com>
Date:   Tue Jan 20 18:04:16 2026 +0530

    file1.txt

commit 773cd0794681a0252749ec93ad47ab63f029a155
Author: Parmeet Singh <parmsingh9899@gmail.com>
(venv) parmeet@Parmeet:~/HASHLOGIN_FILES$ git log
commit 04a95f339045416571e04f37d761d59989e64b47 (HEAD -> master)
Author: Parmeet Singh <parmsingh9899@gmail.com>
Date:   Tue Jan 20 18:03:42 2026 +0530

    updated file1.py

commit 14917f6cb65aefaa6b81a1dcbc2eded97179585a
Author: Parmeet Singh <parmsingh9899@gmail.com>
Date:   Tue Jan 20 18:04:16 2026 +0530

    file1.txt

commit 773cd0794681a0252749ec93ad47ab63f029a155
Author: Parmeet Singh <parmsingh9899@gmail.com>
(venv) parmeet@Parmeet:~/HASHLOGIN_FILES$ git log
commit 04a95f339045416571e04f37d761d59989e64b47 (HEAD -> master)
Author: Parmeet Singh <parmsingh9899@gmail.com>
Date:   Tue Jan 20 18:03:42 2026 +0530
commit 04a95f339045416571e04f37d761d59989e64b47 (HEAD -> master)
Author: Parmeet Singh <parmsingh9899@gmail.com>
Date:   Tue Jan 20 18:03:42 2026 +0530

    updated file1.py

commit 14917f6cb65aefaa6b81a1dcbc2eded97179585a
Author: Parmeet Singh <parmsingh9899@gmail.com>
Date:   Tue Jan 20 18:04:16 2026 +0530

    file1.txt

commit 773cd0794681a0252749ec93ad47ab63f029a155
Author: Parmeet Singh <parmsingh9899@gmail.com>
(venv) parmeet@Parmeet:~/HASHLOGIN_FILES$ git branch
* master
(venv) parmeet@Parmeet:~/HASHLOGIN_FILES$ git checkout -b dev
Switched to a new branch 'dev'
(venv) parmeet@Parmeet:~/HASHLOGIN_FILES$ git log
commit 04a95f339045416571e04f37d761d59989e64b47 (HEAD -> dev, master)
Author: Parmeet Singh <parmsingh9899@gmail.com>
Date:   Tue Jan 20 18:03:42 2026 +0530
commit 04a95f339045416571e04f37d761d59989e64b47 (HEAD -> dev, master)
Author: Parmeet Singh <parmsingh9899@gmail.com>
Date:   Tue Jan 20 18:03:42 2026 +0530

    updated file1.py

commit 14917f6cb65aefaa6b81a1dcbc2eded97179585a
Author: Parmeet Singh <parmsingh9899@gmail.com>
Date:   Tue Jan 20 18:04:16 2026 +0530

    file1.txt

commit 773cd0794681a0252749ec93ad47ab63f029a155
Author: Parmeet Singh <parmsingh9899@gmail.com>
(venv) parmeet@Parmeet:~/HASHLOGIN_FILES$ git checkout  773cd0794681a0252749ec93ad47ab63f029a155
Note: switching to '773cd0794681a0252749ec93ad47ab63f029a155'.

You are in 'detached HEAD' state. You can look around, make experimental
changes and commit them, and you can discard any commits you make in this
state without impacting any branches by switching back to a branch.

If you want to create a new branch to retain commits you create, you may
do so (now or later) by using -c with the switch command. Example:

  git switch -c <new-branch-name>

Or undo this operation with:

  git switch -

Turn off this advice by setting config variable advice.detachedHead to false

HEAD is now at 773cd07 this is file1.py
(venv) parmeet@Parmeet:~/HASHLOGIN_FILES$ git checkout dev
Previous HEAD position was 773cd07 this is file1.py
Switched to branch 'dev'
(venv) parmeet@Parmeet:~/HASHLOGIN_FILES$ git status
On branch dev
Changes not staged for commit:
  (use "git add <file>..." to update what will be committed)
  (use "git restore <file>..." to discard changes in working directory)
        modified:   file1.txt

Untracked files:
  (use "git add <file>..." to include in what will be committed)
        .gitignore
        file2.py
        file2.txt
        file3.py
        file3.txt
        file4.py
        file4.txt
        venv/

no changes added to commit (use "git add" and/or "git commit -a")
(venv) parmeet@Parmeet:~/HASHLOGIN_FILES$ git add file1.txt
(venv) parmeet@Parmeet:~/HASHLOGIN_FILES$ git commit -m "mofified file.txt"
[dev 40b42df] mofified file.txt
 1 file changed, 1 insertion(+)
(venv) parmeet@Parmeet:~/HASHLOGIN_FILES$ git log
commit 40b42df0a0daab00bcdbf3f1724577a58312d6eb (HEAD -> dev)
Author: Parmeet Singh <parmsingh9899@gmail.com>
Date:   Tue Jan 20 18:07:29 2026 +0530

    mofified file.txt

commit 04a95f339045416571e04f37d761d59989e64b47 (master)
Author: Parmeet Singh <parmsingh9899@gmail.com>
Date:   Tue Jan 20 18:03:42 2026 +0530

    updated file1.py

commit 14917f6cb65aefaa6b81a1dcbc2eded97179585a
Author: Parmeet Singh <parmsingh9899@gmail.com>
(venv) parmeet@Parmeet:~/HASHLOGIN_FILES$ git log
commit 40b42df0a0daab00bcdbf3f1724577a58312d6eb (HEAD -> dev)
Author: Parmeet Singh <parmsingh9899@gmail.com>
Date:   Tue Jan 20 18:07:29 2026 +0530

commit 40b42df0a0daab00bcdbf3f1724577a58312d6eb (HEAD -> dev)
Author: Parmeet Singh <parmsingh9899@gmail.com>
Date:   Tue Jan 20 18:07:29 2026 +0530

    mofified file.txt

commit 04a95f339045416571e04f37d761d59989e64b47 (master)
Author: Parmeet Singh <parmsingh9899@gmail.com>
Date:   Tue Jan 20 18:03:42 2026 +0530

    updated file1.py

commit 14917f6cb65aefaa6b81a1dcbc2eded97179585a
Author: Parmeet Singh <parmsingh9899@gmail.com>
(venv) parmeet@Parmeet:~/HASHLOGIN_FILES$ git branch 
* dev
  master
(venv) parmeet@Parmeet:~/HASHLOGIN_FILES$ git commit -am "secong new mofified file1.txt"
[dev d573c26] secong new mofified file1.txt
 1 file changed, 1 insertion(+), 1 deletion(-)
(venv) parmeet@Parmeet:~/HASHLOGIN_FILES$ git log
commit d573c2657e1ff2404b7cf441116a918060482e75 (HEAD -> dev)
Author: Parmeet Singh <parmsingh9899@gmail.com>
Date:   Tue Jan 20 18:09:09 2026 +0530

    secong new mofified file1.txt

commit 40b42df0a0daab00bcdbf3f1724577a58312d6eb
Author: Parmeet Singh <parmsingh9899@gmail.com>
Date:   Tue Jan 20 18:07:29 2026 +0530

    mofified file.txt

commit 04a95f339045416571e04f37d761d59989e64b47 (master)
Author: Parmeet Singh <parmsingh9899@gmail.com>
(venv) parmeet@Parmeet:~/HASHLOGIN_FILES$ ls -l
total 12
-rw-rw-r-- 1 parmeet parmeet   35 Jan 20 18:06 file1.py
-rw-rw-r-- 1 parmeet parmeet   60 Jan 20  2026 file1.txt
-rw-rw-r-- 1 parmeet parmeet    0 Jan 20 17:58 file2.py
-rw-rw-r-- 1 parmeet parmeet    0 Jan 20 17:58 file2.txt
-rw-rw-r-- 1 parmeet parmeet    0 Jan 20 17:58 file3.py
-rw-rw-r-- 1 parmeet parmeet    0 Jan 20 17:58 file3.txt
-rw-rw-r-- 1 parmeet parmeet    0 Jan 20 17:58 file4.py
-rw-rw-r-- 1 parmeet parmeet    0 Jan 20 17:58 file4.txt
drwxrwxr-x 5 parmeet parmeet 4096 Jan 20 17:56 venv
(venv) parmeet@Parmeet:~/HASHLOGIN_FILES$ nano .gitignore
(venv) parmeet@Parmeet:~/HASHLOGIN_FILES$ git status
On branch dev
Untracked files:
  (use "git add <file>..." to include in what will be committed)
        venv/

nothing added to commit but untracked files present (use "git add" to track)
(venv) parmeet@Parmeet:~/HASHLOGIN_FILES$ nano .gitignore
(venv) parmeet@Parmeet:~/HASHLOGIN_FILES$ git status
On branch dev
nothing to commit, working tree clean
(venv) parmeet@Parmeet:~/HASHLOGIN_FILES$ git checkout master
Switched to branch 'master'
(venv) parmeet@Parmeet:~/HASHLOGIN_FILES$ git log
commit 04a95f339045416571e04f37d761d59989e64b47 (HEAD -> master)
Author: Parmeet Singh <parmsingh9899@gmail.com>
Date:   Tue Jan 20 18:03:42 2026 +0530
commit 04a95f339045416571e04f37d761d59989e64b47 (HEAD -> master)
Author: Parmeet Singh <parmsingh9899@gmail.com>
Date:   Tue Jan 20 18:03:42 2026 +0530

    updated file1.py

commit 14917f6cb65aefaa6b81a1dcbc2eded97179585a
Author: Parmeet Singh <parmsingh9899@gmail.com>
Date:   Tue Jan 20 18:04:16 2026 +0530

    file1.txt

commit 773cd0794681a0252749ec93ad47ab63f029a155
Author: Parmeet Singh <parmsingh9899@gmail.com>
(venv) parmeet@Parmeet:~/HASHLOGIN_FILES$ git checkout  773cd0794681a0252749ec93ad47ab63f029a155
Note: switching to '773cd0794681a0252749ec93ad47ab63f029a155'.

You are in 'detached HEAD' state. You can look around, make experimental
changes and commit them, and you can discard any commits you make in this
state without impacting any branches by switching back to a branch.

If you want to create a new branch to retain commits you create, you may
do so (now or later) by using -c with the switch command. Example:

  git switch -c <new-branch-name>

Or undo this operation with:

  git switch -

Turn off this advice by setting config variable advice.detachedHead to false

HEAD is now at 773cd07 this is file1.py
(venv) parmeet@Parmeet:~/HASHLOGIN_FILES$ git checkout master
Previous HEAD position was 773cd07 this is file1.py
Switched to branch 'master'
(venv) parmeet@Parmeet:~/HASHLOGIN_FILES$ cd 
(venv) parmeet@Parmeet:~$ cp file_name.txt6 ./HASHLOGIN_FILES/file_name.txt6
(venv) parmeet@Parmeet:~$ mv file_name.txt5 ./HASHLOGIN_FILES/file_name.txt6
(venv) parmeet@Parmeet:~$  mv file_name.txt6 ./HASHLOGIN_FILES/file_name.txt6
(venv) parmeet@Parmeet:~$ git remote add origin https://github.com/parmsingh9899-hue/HASHLOGIN_FILES.git
(venv) parmeet@Parmeet:~$ git -v remotr
unknown option: -v
usage: git [--version] [--help] [-C <path>] [-c <name>=<value>]
           [--exec-path[=<path>]] [--html-path] [--man-path] [--info-path]
           [-p | --paginate | -P | --no-pager] [--no-replace-objects] [--bare]
           [--git-dir=<path>] [--work-tree=<path>] [--namespace=<name>]
           [--super-prefix=<path>] [--config-env=<name>=<envvar>]
           <command> [<args>]
(venv) parmeet@Parmeet:~$ git remote -v
origin  https://github.com/parmsingh9899-hue/HASHLOGIN_FILES.git (fetch)
origin  https://github.com/parmsingh9899-hue/HASHLOGIN_FILES.git (push)
(venv) parmeet@Parmeet:~$ cd HASHLOGIN_FILES
(venv) parmeet@Parmeet:~/HASHLOGIN_FILES$ git branch -M dev
(venv) parmeet@Parmeet:~/HASHLOGIN_FILES$ git push -u origin dev
fatal: 'origin' does not appear to be a git repository
fatal: Could not read from remote repository.

Please make sure you have the correct access rights
and the repository exists.
(venv) parmeet@Parmeet:~/HASHLOGIN_FILES$ git push -u dev
fatal: 'dev' does not appear to be a git repository
fatal: Could not read from remote repository.

Please make sure you have the correct access rights
and the repository exists.
(venv) parmeet@Parmeet:~/HASHLOGIN_FILES$ git checkout dev
Already on 'dev'
(venv) parmeet@Parmeet:~/HASHLOGIN_FILES$ git push -u origin dev
fatal: 'origin' does not appear to be a git repository
fatal: Could not read from remote repository.

Please make sure you have the correct access rights
and the repository exists.
(venv) parmeet@Parmeet:~/HASHLOGIN_FILES$ git remote add origin https://github.com/parmsingh9899-hue/HASHLOGIN_FILES.git
(venv) parmeet@Parmeet:~/HASHLOGIN_FILES$ git remote -v
origin  https://github.com/parmsingh9899-hue/HASHLOGIN_FILES.git (fetch)
origin  https://github.com/parmsingh9899-hue/HASHLOGIN_FILES.git (push)
(venv) parmeet@Parmeet:~/HASHLOGIN_FILES$ git branch -M dev
(venv) parmeet@Parmeet:~/HASHLOGIN_FILES$ git push -u origin dev
Username for 'https://github.com': paramsingh9899-hue
Password for 'https://paramsingh9899-hue@github.com': 
Enumerating objects: 9, done.
Counting objects: 100% (9/9), done.
Delta compression using up to 2 threads
Compressing objects: 100% (5/5), done.
Writing objects: 100% (9/9), 763 bytes | 40.00 KiB/s, done.
Total 9 (delta 0), reused 0 (delta 0), pack-reused 0
To https://github.com/parmsingh9899-hue/HASHLOGIN_FILES.git
 * [new branch]      dev -> dev
Branch 'dev' set up to track remote branch 'dev' from 'origin'.
(venv) parmeet@Parmeet:~/HASHLOGIN_FILES$ git checkout dev
Already on 'dev'
Your branch is up to date with 'origin/dev'.
(venv) parmeet@Parmeet:~/HASHLOGIN_FILES$ git status
On branch dev
Your branch is up to date with 'origin/dev'.

Untracked files:
  (use "git add <file>..." to include in what will be committed)
        file_name.txt6

nothing added to commit but untracked files present (use "git add" to track)
(venv) parmeet@Parmeet:~/HASHLOGIN_FILES$ git nano file_name.txt6
git: 'nano' is not a git command. See 'git --help'.

The most similar commands are
        annotate
        daemon
(venv) parmeet@Parmeet:~/HASHLOGIN_FILES$ nano file_name.txt
(venv) parmeet@Parmeet:~/HASHLOGIN_FILES$ git add .
(venv) parmeet@Parmeet:~/HASHLOGIN_FILES$ nano file_name.txt6
(venv) parmeet@Parmeet:~/HASHLOGIN_FILES$ git add .
(venv) parmeet@Parmeet:~/HASHLOGIN_FILES$ git commit -m "new files"
[dev 935c7c2] new files
 2 files changed, 2 insertions(+)
 create mode 100644 file_name.txt
 create mode 100644 file_name.txt6
(venv) parmeet@Parmeet:~/HASHLOGIN_FILES$ git push -u origin dev
Username for 'https://github.com': paramsingh9899-hue
Password for 'https://paramsingh9899-hue@github.com': 
Enumerating objects: 4, done.
Counting objects: 100% (4/4), done.
Delta compression using up to 2 threads
Compressing objects: 100% (2/2), done.
Writing objects: 100% (3/3), 336 bytes | 168.00 KiB/s, done.
Total 3 (delta 0), reused 0 (delta 0), pack-reused 0
To https://github.com/parmsingh9899-hue/HASHLOGIN_FILES.git
   04a95f3..935c7c2  dev -> dev
Branch 'dev' set up to track remote branch 'dev' from 'origin'.
(venv) parmeet@Parmeet:~/HASHLOGIN_FILES$ touch progress.txt
(venv) parmeet@Parmeet:~/HASHLOGIN_FILES$ nano progress.txt
